
ΓòöΓòÉΓòÉΓòÉΓòÉΓòÉΓòÉΓòÉΓòÉΓòÉΓòÉΓòÉΓòÉΓòÉΓòÉΓòÉΓòÉΓòÉΓòÉΓòÉΓòÉΓòÉΓòÉΓòÉΓòÉΓòÉΓòÉΓòÉΓòÉΓòÉΓòÉΓòÉΓòÉΓòÉΓòÉΓòÉΓòÉΓòÉΓòÉΓòÉΓòÉΓòÉΓòÉΓòÉΓòÉΓòÉΓòÉΓòÉΓòÉΓòÉΓòÉΓòÉΓòÉΓòÉΓòÉΓòÉΓòÉΓòÉΓòÉΓòÉΓòÉΓòÉΓòÉΓòÉΓòÉΓòÉΓòÉΓòÉΓòÉΓòù
Γòæ                                                                    Γòæ
Γòæ     MANUFACTURING KNOWLEDGE GRAPH                                  Γòæ
Γòæ     Cross-Modal Intelligence for Quality Control                   Γòæ
Γòæ                                                                    Γòæ
Γòæ     ≡ƒÅ¡ Connecting Visual Data + Process Knowledge + Standards     Γòæ
Γòæ                                                                    Γòæ
ΓòÜΓòÉΓòÉΓòÉΓòÉΓòÉΓòÉΓòÉΓòÉΓòÉΓòÉΓòÉΓòÉΓòÉΓòÉΓòÉΓòÉΓòÉΓòÉΓòÉΓòÉΓòÉΓòÉΓòÉΓòÉΓòÉΓòÉΓòÉΓòÉΓòÉΓòÉΓòÉΓòÉΓòÉΓòÉΓòÉΓòÉΓòÉΓòÉΓòÉΓòÉΓòÉΓòÉΓòÉΓòÉΓòÉΓòÉΓòÉΓòÉΓòÉΓòÉΓòÉΓòÉΓòÉΓòÉΓòÉΓòÉΓòÉΓòÉΓòÉΓòÉΓòÉΓòÉΓòÉΓòÉΓòÉΓòÉΓòÉΓòÉΓò¥
            
Enter path to dataset (DeepPCB): ≡ƒôé Dataset Path: 
≡ƒÆ╛ Cache File: knowledge_graph.json

Γ£à Found cached knowledge graph!

Options:
  1. Load from cache (instant) ΓÜí
  2. Rebuild from scratch (10-15 min) ≡ƒöä
  3. Exit

Select option (1-3): 
Γ£à Knowledge graph loaded from: knowledge_graph.json
   Nodes: 388, Relationships: 1308
   Last saved: 1/1/0001 12:00:00 AM

Γ£à Knowledge graph ready!


ΓòÉΓòÉΓòÉΓòÉΓòÉΓòÉΓòÉΓòÉΓòÉΓòÉΓòÉΓòÉΓòÉΓòÉΓòÉΓòÉΓòÉΓòÉΓòÉΓòÉΓòÉΓòÉΓòÉΓòÉΓòÉΓòÉΓòÉΓòÉΓòÉΓòÉΓòÉΓòÉΓòÉΓòÉΓòÉΓòÉΓòÉΓòÉΓòÉΓòÉΓòÉΓòÉΓòÉΓòÉΓòÉΓòÉΓòÉΓòÉΓòÉΓòÉΓòÉΓòÉΓòÉΓòÉΓòÉΓòÉΓòÉΓòÉΓòÉΓòÉΓòÉΓòÉΓòÉΓòÉΓòÉΓòÉΓòÉΓòÉΓòÉΓòÉ
  PCB DEFECT INSPECTION  [Amazon Nova ┬╖ DeepPCB ┬╖ 6 defect types]
ΓòÉΓòÉΓòÉΓòÉΓòÉΓòÉΓòÉΓòÉΓòÉΓòÉΓòÉΓòÉΓòÉΓòÉΓòÉΓòÉΓòÉΓòÉΓòÉΓòÉΓòÉΓòÉΓòÉΓòÉΓòÉΓòÉΓòÉΓòÉΓòÉΓòÉΓòÉΓòÉΓòÉΓòÉΓòÉΓòÉΓòÉΓòÉΓòÉΓòÉΓòÉΓòÉΓòÉΓòÉΓòÉΓòÉΓòÉΓòÉΓòÉΓòÉΓòÉΓòÉΓòÉΓòÉΓòÉΓòÉΓòÉΓòÉΓòÉΓòÉΓòÉΓòÉΓòÉΓòÉΓòÉΓòÉΓòÉΓòÉΓòÉΓòÉ
  1. ≡ƒÅ¡  Inspect single PCB image  (MCP pipeline ┬╖ Nova Pro)  Γ¡É
  2. ≡ƒöü  Batch inspect  (N images per defect category)  ≡ƒåò
  3. ≡ƒôè  Defect statistics & full dashboard
  4. ≡ƒñû  AI insights from knowledge graph  (Nova Lite)
  5. ≡ƒôé  View / export last case report
  6. Γ¥î  Exit
ΓòÉΓòÉΓòÉΓòÉΓòÉΓòÉΓòÉΓòÉΓòÉΓòÉΓòÉΓòÉΓòÉΓòÉΓòÉΓòÉΓòÉΓòÉΓòÉΓòÉΓòÉΓòÉΓòÉΓòÉΓòÉΓòÉΓòÉΓòÉΓòÉΓòÉΓòÉΓòÉΓòÉΓòÉΓòÉΓòÉΓòÉΓòÉΓòÉΓòÉΓòÉΓòÉΓòÉΓòÉΓòÉΓòÉΓòÉΓòÉΓòÉΓòÉΓòÉΓòÉΓòÉΓòÉΓòÉΓòÉΓòÉΓòÉΓòÉΓòÉΓòÉΓòÉΓòÉΓòÉΓòÉΓòÉΓòÉΓòÉΓòÉΓòÉ

≡ƒæë Select option (1-6): 
≡ƒö¼ SAMPLE INSIGHTS: AI-Generated Manufacturing Intelligence
ΓöÇΓöÇΓöÇΓöÇΓöÇΓöÇΓöÇΓöÇΓöÇΓöÇΓöÇΓöÇΓöÇΓöÇΓöÇΓöÇΓöÇΓöÇΓöÇΓöÇΓöÇΓöÇΓöÇΓöÇΓöÇΓöÇΓöÇΓöÇΓöÇΓöÇΓöÇΓöÇΓöÇΓöÇΓöÇΓöÇΓöÇΓöÇΓöÇΓöÇΓöÇΓöÇΓöÇΓöÇΓöÇΓöÇΓöÇΓöÇΓöÇΓöÇΓöÇΓöÇΓöÇΓöÇΓöÇΓöÇΓöÇΓöÇΓöÇΓöÇΓöÇΓöÇΓöÇΓöÇΓöÇΓöÇΓöÇΓöÇΓöÇΓöÇ

≡ƒñû Querying Amazon Nova for manufacturing insights...

INSIGHT #1: Cross-product knowledge transfer
The knowledge graph shows no cross-product patterns, indicating a lack of knowledge transfer between different products. To improve, establish a cross-functional team to share insights and best practices between product lines. This could help identify common root causes of defects and implement solutions that benefit multiple products.

INSIGHT #2: Equipment optimization
The presence of five different equipment types suggests potential opportunities for optimization. Analyze the defect data to identify if certain equipment types are more prone to specific defects. If so, consider re-evaluating the equipment maintenance schedules, calibration, or even the equipment itself to reduce defects and improve overall equipment effectiveness.

INSIGHT #3: Manufacturing knowledge base value
The knowledge graph contains valuable information about defect types, severities, and affected products. To maximize the value of this knowledge base, implement a centralized defect tracking and analysis system. This will enable easier identification of trends, root causes, and opportunities for improvement, ultimately leading to better decision-making and process optimization.

INSIGHT #4: Compliance & standards
The presence of high-severity defects, such as "short," highlights the importance of adhering to industry standards and compliance requirements. Review the current standards and best practices for the manufacturing process, and ensure that the organization is up-to-date with any changes. Additionally, consider implementing a robust quality management system to monitor and control the manufacturing process, ensuring compliance and reducing the likelihood of high-severity defects.

ΓöÇΓöÇΓöÇΓöÇΓöÇΓöÇΓöÇΓöÇΓöÇΓöÇΓöÇΓöÇΓöÇΓöÇΓöÇΓöÇΓöÇΓöÇΓöÇΓöÇΓöÇΓöÇΓöÇΓöÇΓöÇΓöÇΓöÇΓöÇΓöÇΓöÇΓöÇΓöÇΓöÇΓöÇΓöÇΓöÇΓöÇΓöÇΓöÇΓöÇΓöÇΓöÇΓöÇΓöÇΓöÇΓöÇΓöÇΓöÇΓöÇΓöÇΓöÇΓöÇΓöÇΓöÇΓöÇΓöÇΓöÇΓöÇΓöÇΓöÇΓöÇΓöÇΓöÇΓöÇΓöÇΓöÇΓöÇΓöÇΓöÇΓöÇ
Γ£à Insights generation complete.


Press any key to return to menu...
dotnet : Unhandled exception. System.InvalidOperationException: Cannot read 
keys when either application does not have a console or when console input has 
been redirected. Try Console.Read.
At line:1 char:11
+ $inputs | dotnet run --project ManufacturingVisionAnalyzer.csproj 2>& ...
+           ~~~~~~~~~~~~~~~~~~~~~~~~~~~~~~~~~~~~~~~~~~~~~~~~~~~~~~~~~~~
    + CategoryInfo          : NotSpecified: (Unhandled excep...y Console.Read. 
   :String) [], RemoteException
    + FullyQualifiedErrorId : NativeCommandError
 
   at System.ConsolePal.ReadKey(Boolean intercept)
   at ManufacturingKnowledgeGraph.Program.RunInteractiveMenu() in C:\Users\rish
ah\OneDrive\Pictures\Desktop\MicrosoftML.NET\AzureAITalk--main\AzureAITalk--mai
n\Program.cs:line 147
   at ManufacturingKnowledgeGraph.Program.Main(String[] args) in C:\Users\risha
h\OneDrive\Pictures\Desktop\MicrosoftML.NET\AzureAITalk--main\AzureAITalk--main
\Program.cs:line 86
   at ManufacturingKnowledgeGraph.Program.<Main>(String[] args)
